utt1 locate this pen and paper
locate this pen
locate this pen and paper
[noise]
how are you
[noise]
[noise]
[noise]
[noise]
nice crime the details of this book
[noise]
find the book
[noise]
[noise]
describe this book
[noise]
[noise]
[noise]
[noise]
[noise]
