utt1 [('sil', 0, 41), ('w_B', 41, 4), ('ah_I', 45, 3), ('n_E', 48, 6), ('sil', 54, 1), ('t_B', 55, 3), ('uw_E', 58, 7), ('sil', 65, 1), ('th_B', 66, 4), ('r_I', 70, 3), ('iy_E', 73, 6), ('sil', 79, 1), ('f_B', 80, 6), ('ao_I', 86, 8), ('r_E', 94, 3), ('f_B', 97, 6), ('ay_I', 103, 5), ('v_E', 108, 3), ('s_B', 111, 4), ('ih_I', 115, 3), ('k_I', 118, 3), ('s_E', 121, 1), ('s_B', 122, 4), ('eh_I', 126, 3), ('v_I', 129, 1), ('ah_I', 130, 2), ('n_E', 132, 6), ('sil', 138, 5), ('ey_B', 143, 6), ('t_E', 149, 3), ('sil', 152, 52)]
