utt1 [('<eps>', 0, 41), ('one', 41, 13), ('<eps>', 54, 1), ('two', 55, 10), ('<eps>', 65, 1), ('three', 66, 13), ('<eps>', 79, 1), ('four', 80, 17), ('five', 97, 14), ('six', 111, 11), ('seven', 122, 16), ('<eps>', 138, 5), ('eight', 143, 9), ('<eps>', 152, 52)]
