destiny
again





find the pin

find the hen
the hand

find the hand
find a job
find the jail
find
fine but yeah
the locked up

find the bob behind
find the hand

show me the location of the body

show me the location of the hand

look at the laptop

look at the book

locate the pin
locate the body

look at the hand
locate the hen
look at the hand
locate the hand


look at the monitor
look at the monitor
please look at the laptop

please look at the book

please look at the cop
please look at the mobile phone

please look at the pin

please locate the pin
please locate the bottle

please locate the hand


please look at the chair

please locate the chair

please look at the mouse
please locate the mouse

look at the keyboard
please look at the keyboard

hello

that is the laptop
there is the laptop

that other laptops

dude
hello
oh yeah
yes
why then can soon
why didn't guns

understanding early to 
development has been a 
subject of increasing interest
 over the past several decades
dilute deadly

locate dubbed it
locate the indians
this rule
maybe
men
bigger than thirty
look at the objects
look at the bank
look
locate the bin
lindsey
stick

hello back
a further eighty
it is back maybe governments are going to grant it
these islands are running denton


bit
look
anyway don't go deployment run configuration
 for fifteen violence
it will be

what
hello hello
a million
please i led the pin
please highlight the pin
money
never
now today

can you find me the pain
can we hide me the pain then finally
can we hide
gimme
you got it i d been been giving you
the blatant needs help i need to highlight the bin
the blade needs help i need i write this in it
even though i know you
i see
i do i await us in view of the railroad men
how many money does idea
how many monitors idea
tell me a story
how many laptops idea
what is the kind of leapt
what do you do
i out
i need the count of books
sport the book
spot the book
turn around


hello
you may set up docker deployment
67325
114236 157830 49403 117839

167372



39206 141178






low
hello
when you're right flank suddenly moves in from the left


hello

hello
hello
hello
hide it
terminal
hello
hello
hello
drop me spent
drop this spin
that is the laptop
there is the laptop
show me the pin

show me the bottle

show me the laptop
hi how are you

whereas a calculator


track they spend
track this spin

where is the benzene
what is this moss
what is this mouse
