utt1 [('SIL', 0, 42), ('w_B', 42, 5), ("'V_I", 47, 3), ('n_E', 50, 4), ('t_B', 54, 5), ("'u_E", 59, 7), ('T_B', 66, 4), ('r_I', 70, 3), ("'i_E", 73, 6), ('f_B', 79, 7), ("'O_I", 86, 8), ('r_E', 94, 3), ('SIL', 97, 1), ('f_B', 98, 4), ("'aI_I", 102, 6), ('v_E', 108, 3), ('SIL', 111, 1), ('s_B', 112, 4), ("'I_I", 116, 3), ('k_I', 119, 3), ('s_E', 122, 2), ('s_B', 124, 3), ("'E_I", 127, 3), ('v_I', 130, 2), ('V_I', 132, 2), ('n_E', 134, 4), ('SIL', 138, 6), ("'e_B", 144, 6), ('I_I', 150, 1), ('t_E', 151, 8), ('SIL', 159, 45)]
