utt1 [('<eps>', 0, 42), ('one', 42, 12), ('two', 54, 12), ('three', 66, 13), ('four', 79, 18), ('<eps>', 97, 1), ('five', 98, 13), ('<eps>', 111, 1), ('six', 112, 12), ('seven', 124, 14), ('<eps>', 138, 6), ('eight', 144, 15), ('<eps>', 159, 45)]
